// Vitest Snapshot v1, https://vitest.dev/guide/snapshot.html

exports[`Page > should match snapshot 1`] = `
<div>
  <div
    data-testid="dashboard"
  >
    Dashboard Component
  </div>
</div>
`;
